2025-08-06 14:06:46.704  WARN 4487 --- [main] io.undertow.websockets.jsr               : UT026010: Buffer pool was not set on WebSocketDeploymentInfo, the default pool will be used
2025-08-06 14:06:48.863  WARN 4487 --- [main] l.server.config.SentryConfiguration      : Turning off sentry
2025-08-06 14:22:19.047 ERROR 4487 --- [XNIO-1 I/O-1] org.xnio.listener                        : XNIO001007: A channel event listener threw an exception

java.util.concurrent.RejectedExecutionException: XNIO007007: Thread is terminating
	at org.xnio.nio.WorkerThread.execute(WorkerThread.java:620) ~[xnio-nio-3.8.6.Final.jar!/:3.8.6.Final]
	at io.undertow.websockets.jsr.UndertowSession$3.handleEvent(UndertowSession.java:396) ~[undertow-websockets-jsr-2.2.16.Final.jar!/:2.2.16.Final]
	at io.undertow.websockets.jsr.UndertowSession$3.handleEvent(UndertowSession.java:388) ~[undertow-websockets-jsr-2.2.16.Final.jar!/:2.2.16.Final]
	at org.xnio.ChannelListeners.invokeChannelListener(ChannelListeners.java:92) ~[xnio-api-3.8.6.Final.jar!/:3.8.6.Final]
	at io.undertow.server.protocol.framed.AbstractFramedChannel$FrameCloseListener.handleEvent(AbstractFramedChannel.java:1081) ~[undertow-core-2.2.16.Final.jar!/:2.2.16.Final]
	at io.undertow.server.protocol.framed.AbstractFramedChannel$FrameCloseListener.handleEvent(AbstractFramedChannel.java:994) ~[undertow-core-2.2.16.Final.jar!/:2.2.16.Final]
	at org.xnio.ChannelListeners.invokeChannelListener(ChannelListeners.java:92) ~[xnio-api-3.8.6.Final.jar!/:3.8.6.Final]
	at org.xnio.conduits.WriteReadyHandler$ChannelListenerHandler.terminated(WriteReadyHandler.java:70) ~[xnio-api-3.8.6.Final.jar!/:3.8.6.Final]
	at org.xnio.nio.NioSocketConduit.writeTerminated(NioSocketConduit.java:204) ~[xnio-nio-3.8.6.Final.jar!/:3.8.6.Final]
	at org.xnio.nio.NioSocketConduit.terminateWrites(NioSocketConduit.java:193) ~[xnio-nio-3.8.6.Final.jar!/:3.8.6.Final]
	at org.xnio.nio.NioSocketConduit.truncateWrites(NioSocketConduit.java:198) ~[xnio-nio-3.8.6.Final.jar!/:3.8.6.Final]
	at io.undertow.conduits.IdleTimeoutConduit.truncateWrites(IdleTimeoutConduit.java:387) ~[undertow-core-2.2.16.Final.jar!/:2.2.16.Final]
	at org.xnio.conduits.ConduitStreamSinkChannel.close(ConduitStreamSinkChannel.java:186) ~[xnio-api-3.8.6.Final.jar!/:3.8.6.Final]
	at org.xnio.IoUtils.safeClose(IoUtils.java:152) ~[xnio-api-3.8.6.Final.jar!/:3.8.6.Final]
	at org.xnio.conduits.WriteReadyHandler$ChannelListenerHandler.forceTermination(WriteReadyHandler.java:57) ~[xnio-api-3.8.6.Final.jar!/:3.8.6.Final]
	at org.xnio.nio.NioSocketConduit.forceTermination(NioSocketConduit.java:108) ~[xnio-nio-3.8.6.Final.jar!/:3.8.6.Final]
	at org.xnio.nio.WorkerThread.run(WorkerThread.java:507) ~[xnio-nio-3.8.6.Final.jar!/:3.8.6.Final]

2025-08-06 14:22:19.050 ERROR 4487 --- [XNIO-1 I/O-2] org.xnio.listener                        : XNIO001007: A channel event listener threw an exception

java.util.concurrent.RejectedExecutionException: XNIO007007: Thread is terminating
	at org.xnio.nio.WorkerThread.execute(WorkerThread.java:620) ~[xnio-nio-3.8.6.Final.jar!/:3.8.6.Final]
	at io.undertow.websockets.jsr.UndertowSession$3.handleEvent(UndertowSession.java:396) ~[undertow-websockets-jsr-2.2.16.Final.jar!/:2.2.16.Final]
	at io.undertow.websockets.jsr.UndertowSession$3.handleEvent(UndertowSession.java:388) ~[undertow-websockets-jsr-2.2.16.Final.jar!/:2.2.16.Final]
	at org.xnio.ChannelListeners.invokeChannelListener(ChannelListeners.java:92) ~[xnio-api-3.8.6.Final.jar!/:3.8.6.Final]
	at io.undertow.server.protocol.framed.AbstractFramedChannel$FrameCloseListener.handleEvent(AbstractFramedChannel.java:1081) ~[undertow-core-2.2.16.Final.jar!/:2.2.16.Final]
	at io.undertow.server.protocol.framed.AbstractFramedChannel$FrameCloseListener.handleEvent(AbstractFramedChannel.java:994) ~[undertow-core-2.2.16.Final.jar!/:2.2.16.Final]
	at org.xnio.ChannelListeners.invokeChannelListener(ChannelListeners.java:92) ~[xnio-api-3.8.6.Final.jar!/:3.8.6.Final]
	at org.xnio.conduits.WriteReadyHandler$ChannelListenerHandler.terminated(WriteReadyHandler.java:70) ~[xnio-api-3.8.6.Final.jar!/:3.8.6.Final]
	at org.xnio.nio.NioSocketConduit.writeTerminated(NioSocketConduit.java:204) ~[xnio-nio-3.8.6.Final.jar!/:3.8.6.Final]
	at org.xnio.nio.NioSocketConduit.terminateWrites(NioSocketConduit.java:193) ~[xnio-nio-3.8.6.Final.jar!/:3.8.6.Final]
	at org.xnio.nio.NioSocketConduit.truncateWrites(NioSocketConduit.java:198) ~[xnio-nio-3.8.6.Final.jar!/:3.8.6.Final]
	at io.undertow.conduits.IdleTimeoutConduit.truncateWrites(IdleTimeoutConduit.java:387) ~[undertow-core-2.2.16.Final.jar!/:2.2.16.Final]
	at org.xnio.conduits.ConduitStreamSinkChannel.close(ConduitStreamSinkChannel.java:186) ~[xnio-api-3.8.6.Final.jar!/:3.8.6.Final]
	at org.xnio.IoUtils.safeClose(IoUtils.java:152) ~[xnio-api-3.8.6.Final.jar!/:3.8.6.Final]
	at org.xnio.conduits.WriteReadyHandler$ChannelListenerHandler.forceTermination(WriteReadyHandler.java:57) ~[xnio-api-3.8.6.Final.jar!/:3.8.6.Final]
	at org.xnio.nio.NioSocketConduit.forceTermination(NioSocketConduit.java:108) ~[xnio-nio-3.8.6.Final.jar!/:3.8.6.Final]
	at org.xnio.nio.WorkerThread.run(WorkerThread.java:507) ~[xnio-nio-3.8.6.Final.jar!/:3.8.6.Final]

2025-08-06 14:22:31.809  WARN 11270 --- [main] io.undertow.websockets.jsr               : UT026010: Buffer pool was not set on WebSocketDeploymentInfo, the default pool will be used
2025-08-06 14:22:32.927  WARN 11270 --- [main] l.server.config.SentryConfiguration      : Turning off sentry
2025-08-06 14:26:14.546  WARN 13012 --- [main] io.undertow.websockets.jsr               : UT026010: Buffer pool was not set on WebSocketDeploymentInfo, the default pool will be used
2025-08-06 14:26:15.649  WARN 13012 --- [main] l.server.config.SentryConfiguration      : Turning off sentry
2025-08-06 14:39:09.486 ERROR 13012 --- [XNIO-1 I/O-1] org.xnio.listener                        : XNIO001007: A channel event listener threw an exception

java.util.concurrent.RejectedExecutionException: XNIO007007: Thread is terminating
	at org.xnio.nio.WorkerThread.execute(WorkerThread.java:620) ~[xnio-nio-3.8.6.Final.jar!/:3.8.6.Final]
	at io.undertow.websockets.jsr.UndertowSession$3.handleEvent(UndertowSession.java:396) ~[undertow-websockets-jsr-2.2.16.Final.jar!/:2.2.16.Final]
	at io.undertow.websockets.jsr.UndertowSession$3.handleEvent(UndertowSession.java:388) ~[undertow-websockets-jsr-2.2.16.Final.jar!/:2.2.16.Final]
	at org.xnio.ChannelListeners.invokeChannelListener(ChannelListeners.java:92) ~[xnio-api-3.8.6.Final.jar!/:3.8.6.Final]
	at io.undertow.server.protocol.framed.AbstractFramedChannel$FrameCloseListener.handleEvent(AbstractFramedChannel.java:1081) ~[undertow-core-2.2.16.Final.jar!/:2.2.16.Final]
	at io.undertow.server.protocol.framed.AbstractFramedChannel$FrameCloseListener.handleEvent(AbstractFramedChannel.java:994) ~[undertow-core-2.2.16.Final.jar!/:2.2.16.Final]
	at org.xnio.ChannelListeners.invokeChannelListener(ChannelListeners.java:92) ~[xnio-api-3.8.6.Final.jar!/:3.8.6.Final]
	at org.xnio.conduits.WriteReadyHandler$ChannelListenerHandler.terminated(WriteReadyHandler.java:70) ~[xnio-api-3.8.6.Final.jar!/:3.8.6.Final]
	at org.xnio.nio.NioSocketConduit.writeTerminated(NioSocketConduit.java:204) ~[xnio-nio-3.8.6.Final.jar!/:3.8.6.Final]
	at org.xnio.nio.NioSocketConduit.terminateWrites(NioSocketConduit.java:193) ~[xnio-nio-3.8.6.Final.jar!/:3.8.6.Final]
	at org.xnio.nio.NioSocketConduit.truncateWrites(NioSocketConduit.java:198) ~[xnio-nio-3.8.6.Final.jar!/:3.8.6.Final]
	at io.undertow.conduits.IdleTimeoutConduit.truncateWrites(IdleTimeoutConduit.java:387) ~[undertow-core-2.2.16.Final.jar!/:2.2.16.Final]
	at org.xnio.conduits.ConduitStreamSinkChannel.close(ConduitStreamSinkChannel.java:186) ~[xnio-api-3.8.6.Final.jar!/:3.8.6.Final]
	at org.xnio.IoUtils.safeClose(IoUtils.java:152) ~[xnio-api-3.8.6.Final.jar!/:3.8.6.Final]
	at org.xnio.conduits.WriteReadyHandler$ChannelListenerHandler.forceTermination(WriteReadyHandler.java:57) ~[xnio-api-3.8.6.Final.jar!/:3.8.6.Final]
	at org.xnio.nio.NioSocketConduit.forceTermination(NioSocketConduit.java:108) ~[xnio-nio-3.8.6.Final.jar!/:3.8.6.Final]
	at org.xnio.nio.WorkerThread.run(WorkerThread.java:507) ~[xnio-nio-3.8.6.Final.jar!/:3.8.6.Final]

2025-08-06 14:39:09.487 ERROR 13012 --- [XNIO-1 I/O-2] org.xnio.listener                        : XNIO001007: A channel event listener threw an exception

java.util.concurrent.RejectedExecutionException: XNIO007007: Thread is terminating
	at org.xnio.nio.WorkerThread.execute(WorkerThread.java:620) ~[xnio-nio-3.8.6.Final.jar!/:3.8.6.Final]
	at io.undertow.websockets.jsr.UndertowSession$3.handleEvent(UndertowSession.java:396) ~[undertow-websockets-jsr-2.2.16.Final.jar!/:2.2.16.Final]
	at io.undertow.websockets.jsr.UndertowSession$3.handleEvent(UndertowSession.java:388) ~[undertow-websockets-jsr-2.2.16.Final.jar!/:2.2.16.Final]
	at org.xnio.ChannelListeners.invokeChannelListener(ChannelListeners.java:92) ~[xnio-api-3.8.6.Final.jar!/:3.8.6.Final]
	at io.undertow.server.protocol.framed.AbstractFramedChannel$FrameCloseListener.handleEvent(AbstractFramedChannel.java:1081) ~[undertow-core-2.2.16.Final.jar!/:2.2.16.Final]
	at io.undertow.server.protocol.framed.AbstractFramedChannel$FrameCloseListener.handleEvent(AbstractFramedChannel.java:994) ~[undertow-core-2.2.16.Final.jar!/:2.2.16.Final]
	at org.xnio.ChannelListeners.invokeChannelListener(ChannelListeners.java:92) ~[xnio-api-3.8.6.Final.jar!/:3.8.6.Final]
	at org.xnio.conduits.WriteReadyHandler$ChannelListenerHandler.terminated(WriteReadyHandler.java:70) ~[xnio-api-3.8.6.Final.jar!/:3.8.6.Final]
	at org.xnio.nio.NioSocketConduit.writeTerminated(NioSocketConduit.java:204) ~[xnio-nio-3.8.6.Final.jar!/:3.8.6.Final]
	at org.xnio.nio.NioSocketConduit.terminateWrites(NioSocketConduit.java:193) ~[xnio-nio-3.8.6.Final.jar!/:3.8.6.Final]
	at org.xnio.nio.NioSocketConduit.truncateWrites(NioSocketConduit.java:198) ~[xnio-nio-3.8.6.Final.jar!/:3.8.6.Final]
	at io.undertow.conduits.IdleTimeoutConduit.truncateWrites(IdleTimeoutConduit.java:387) ~[undertow-core-2.2.16.Final.jar!/:2.2.16.Final]
	at org.xnio.conduits.ConduitStreamSinkChannel.close(ConduitStreamSinkChannel.java:186) ~[xnio-api-3.8.6.Final.jar!/:3.8.6.Final]
	at org.xnio.IoUtils.safeClose(IoUtils.java:152) ~[xnio-api-3.8.6.Final.jar!/:3.8.6.Final]
	at org.xnio.conduits.WriteReadyHandler$ChannelListenerHandler.forceTermination(WriteReadyHandler.java:57) ~[xnio-api-3.8.6.Final.jar!/:3.8.6.Final]
	at org.xnio.nio.NioSocketConduit.forceTermination(NioSocketConduit.java:108) ~[xnio-nio-3.8.6.Final.jar!/:3.8.6.Final]
	at org.xnio.nio.WorkerThread.run(WorkerThread.java:507) ~[xnio-nio-3.8.6.Final.jar!/:3.8.6.Final]

2025-08-06 14:39:24.112  WARN 18571 --- [main] io.undertow.websockets.jsr               : UT026010: Buffer pool was not set on WebSocketDeploymentInfo, the default pool will be used
2025-08-06 14:39:25.217  WARN 18571 --- [main] l.server.config.SentryConfiguration      : Turning off sentry
2025-08-06 14:40:30.536 ERROR 18571 --- [XNIO-1 I/O-1] org.xnio.listener                        : XNIO001007: A channel event listener threw an exception

java.util.concurrent.RejectedExecutionException: XNIO007007: Thread is terminating
	at org.xnio.nio.WorkerThread.execute(WorkerThread.java:620) ~[xnio-nio-3.8.6.Final.jar!/:3.8.6.Final]
	at io.undertow.websockets.jsr.UndertowSession$3.handleEvent(UndertowSession.java:396) ~[undertow-websockets-jsr-2.2.16.Final.jar!/:2.2.16.Final]
	at io.undertow.websockets.jsr.UndertowSession$3.handleEvent(UndertowSession.java:388) ~[undertow-websockets-jsr-2.2.16.Final.jar!/:2.2.16.Final]
	at org.xnio.ChannelListeners.invokeChannelListener(ChannelListeners.java:92) ~[xnio-api-3.8.6.Final.jar!/:3.8.6.Final]
	at io.undertow.server.protocol.framed.AbstractFramedChannel$FrameCloseListener.handleEvent(AbstractFramedChannel.java:1081) ~[undertow-core-2.2.16.Final.jar!/:2.2.16.Final]
	at io.undertow.server.protocol.framed.AbstractFramedChannel$FrameCloseListener.handleEvent(AbstractFramedChannel.java:994) ~[undertow-core-2.2.16.Final.jar!/:2.2.16.Final]
	at org.xnio.ChannelListeners.invokeChannelListener(ChannelListeners.java:92) ~[xnio-api-3.8.6.Final.jar!/:3.8.6.Final]
	at org.xnio.conduits.WriteReadyHandler$ChannelListenerHandler.terminated(WriteReadyHandler.java:70) ~[xnio-api-3.8.6.Final.jar!/:3.8.6.Final]
	at org.xnio.nio.NioSocketConduit.writeTerminated(NioSocketConduit.java:204) ~[xnio-nio-3.8.6.Final.jar!/:3.8.6.Final]
	at org.xnio.nio.NioSocketConduit.terminateWrites(NioSocketConduit.java:193) ~[xnio-nio-3.8.6.Final.jar!/:3.8.6.Final]
	at org.xnio.nio.NioSocketConduit.truncateWrites(NioSocketConduit.java:198) ~[xnio-nio-3.8.6.Final.jar!/:3.8.6.Final]
	at io.undertow.conduits.IdleTimeoutConduit.truncateWrites(IdleTimeoutConduit.java:387) ~[undertow-core-2.2.16.Final.jar!/:2.2.16.Final]
	at org.xnio.conduits.ConduitStreamSinkChannel.close(ConduitStreamSinkChannel.java:186) ~[xnio-api-3.8.6.Final.jar!/:3.8.6.Final]
	at org.xnio.IoUtils.safeClose(IoUtils.java:152) ~[xnio-api-3.8.6.Final.jar!/:3.8.6.Final]
	at org.xnio.conduits.WriteReadyHandler$ChannelListenerHandler.forceTermination(WriteReadyHandler.java:57) ~[xnio-api-3.8.6.Final.jar!/:3.8.6.Final]
	at org.xnio.nio.NioSocketConduit.forceTermination(NioSocketConduit.java:108) ~[xnio-nio-3.8.6.Final.jar!/:3.8.6.Final]
	at org.xnio.nio.WorkerThread.run(WorkerThread.java:507) ~[xnio-nio-3.8.6.Final.jar!/:3.8.6.Final]

2025-08-06 14:40:30.551 ERROR 18571 --- [XNIO-1 I/O-1] org.xnio.listener                        : XNIO001007: A channel event listener threw an exception

java.util.concurrent.RejectedExecutionException: XNIO007007: Thread is terminating
	at org.xnio.nio.WorkerThread.execute(WorkerThread.java:620) ~[xnio-nio-3.8.6.Final.jar!/:3.8.6.Final]
	at io.undertow.websockets.jsr.UndertowSession$3.handleEvent(UndertowSession.java:396) ~[undertow-websockets-jsr-2.2.16.Final.jar!/:2.2.16.Final]
	at io.undertow.websockets.jsr.UndertowSession$3.handleEvent(UndertowSession.java:388) ~[undertow-websockets-jsr-2.2.16.Final.jar!/:2.2.16.Final]
	at org.xnio.ChannelListeners.invokeChannelListener(ChannelListeners.java:92) ~[xnio-api-3.8.6.Final.jar!/:3.8.6.Final]
	at io.undertow.server.protocol.framed.AbstractFramedChannel$FrameCloseListener.handleEvent(AbstractFramedChannel.java:1081) ~[undertow-core-2.2.16.Final.jar!/:2.2.16.Final]
	at io.undertow.server.protocol.framed.AbstractFramedChannel$FrameCloseListener.handleEvent(AbstractFramedChannel.java:994) ~[undertow-core-2.2.16.Final.jar!/:2.2.16.Final]
	at org.xnio.ChannelListeners.invokeChannelListener(ChannelListeners.java:92) ~[xnio-api-3.8.6.Final.jar!/:3.8.6.Final]
	at org.xnio.conduits.WriteReadyHandler$ChannelListenerHandler.terminated(WriteReadyHandler.java:70) ~[xnio-api-3.8.6.Final.jar!/:3.8.6.Final]
	at org.xnio.nio.NioSocketConduit.writeTerminated(NioSocketConduit.java:204) ~[xnio-nio-3.8.6.Final.jar!/:3.8.6.Final]
	at org.xnio.nio.NioSocketConduit.terminateWrites(NioSocketConduit.java:193) ~[xnio-nio-3.8.6.Final.jar!/:3.8.6.Final]
	at org.xnio.nio.NioSocketConduit.truncateWrites(NioSocketConduit.java:198) ~[xnio-nio-3.8.6.Final.jar!/:3.8.6.Final]
	at io.undertow.conduits.IdleTimeoutConduit.truncateWrites(IdleTimeoutConduit.java:387) ~[undertow-core-2.2.16.Final.jar!/:2.2.16.Final]
	at org.xnio.conduits.ConduitStreamSinkChannel.close(ConduitStreamSinkChannel.java:186) ~[xnio-api-3.8.6.Final.jar!/:3.8.6.Final]
	at org.xnio.IoUtils.safeClose(IoUtils.java:152) ~[xnio-api-3.8.6.Final.jar!/:3.8.6.Final]
	at org.xnio.conduits.WriteReadyHandler$ChannelListenerHandler.forceTermination(WriteReadyHandler.java:57) ~[xnio-api-3.8.6.Final.jar!/:3.8.6.Final]
	at org.xnio.nio.NioSocketConduit.forceTermination(NioSocketConduit.java:108) ~[xnio-nio-3.8.6.Final.jar!/:3.8.6.Final]
	at org.xnio.nio.WorkerThread.run(WorkerThread.java:507) ~[xnio-nio-3.8.6.Final.jar!/:3.8.6.Final]

2025-08-06 14:42:50.418  WARN 20436 --- [main] io.undertow.websockets.jsr               : UT026010: Buffer pool was not set on WebSocketDeploymentInfo, the default pool will be used
2025-08-06 14:42:51.526  WARN 20436 --- [main] l.server.config.SentryConfiguration      : Turning off sentry
2025-08-06 17:25:19.361  WARN 42312 --- [main] io.undertow.websockets.jsr               : UT026010: Buffer pool was not set on WebSocketDeploymentInfo, the default pool will be used
2025-08-06 17:25:21.482  WARN 42312 --- [main] l.server.config.SentryConfiguration      : Turning off sentry
